PS D:\Gestion_Hospitalaria> npm init -y
Wrote to D:\Gestion_Hospitalaria\package.json:

{
  "name": "gestion_hospitalaria",
  "version": "1.0.0",
  "main": "server.js",
  "scripts": {
    "test": "echo \"Error: no test specified\" && exit 1",
    "start": "node server.js"
  },
  "keywords": [],
  "author": "",
  "license": "ISC",
  "description": ""
}



PS D:\Gestion_Hospitalaria> npm install express mysql2 body-parser

added 77 packages, and audited 78 packages in 7s

14 packages are looking for funding
  run `npm fund` for details

found 0 vulnerabilities
PS D:\Gestion_Hospitalaria> npm install express-session bcrypt
npm warn deprecated inflight@1.0.6: This module is not supported, and leaks memory. Do not use it. Check out lru-cache if you want a good and tested way to coalesce async requests by a key value, which is much more comprehensive and powerful.
npm warn deprecated npmlog@5.0.1: This package is no longer supported.
npm warn deprecated rimraf@3.0.2: Rimraf versions prior to v4 are no longer supported
npm warn deprecated glob@7.2.3: Glob versions prior to v9 are no longer supported
npm warn deprecated are-we-there-yet@2.0.0: This package is no longer supported.
npm warn deprecated gauge@3.0.2: This package is no longer supported.

added 65 packages, and audited 143 packages in 13s

17 packages are looking for funding
  run `npm fund` for details

found 0 vulnerabilities
PS D:\Gestion_Hospitalaria> npm init -y
Wrote to D:\Gestion_Hospitalaria\package.json:

{
  "name": "gestion_hospitalaria",
  "version": "1.0.0",
  "main": "server.js",
  "scripts": {
    "test": "echo \"Error: no test specified\" && exit 1",
    "start": "node server.js"
  },
  "keywords": [],
  "author": "",
  "license": "ISC",
  "dependencies": {
    "bcrypt": "^5.1.1",
    "body-parser": "^1.20.3",
    "express": "^4.21.1",
    "express-session": "^1.18.1",
    "mysql2": "^3.11.5"
  },
  "devDependencies": {},
  "description": ""
}



PS D:\Gestion_Hospitalaria> npm install express mysql2 dotenv multer xlsx nodemon bcrypt

added 50 packages, and audited 193 packages in 7s

23 packages are looking for funding
  run `npm fund` for details

1 high severity vulnerability

Some issues need review, and may require choosing
a different dependency.

Run `npm audit` for details.
PS D:\Gestion_Hospitalaria>

PS D:\Gestion_Hospitalaria> npm install pdfkit

added 56 packages, and audited 257 packages in 8s

55 packages are looking for funding
  run `npm fund` for details

3 vulnerabilities (2 moderate, 1 high)

To address issues that do not require attention, run:
  npm audit fix

Some issues need review, and may require choosing
a different dependency.

Run `npm audit` for details.
PS D:\Gestion_Hospitalaria> 
